Archive member included because of file (symbol)

d:/embedded diploma/tools/sdk_win_64/sdk_win_64/winavr/bin/../lib/gcc/avr/4.3.3/avr5\libgcc.a(_mulsi3.o)
                              ./PWM_prog.o (__mulsi3)
d:/embedded diploma/tools/sdk_win_64/sdk_win_64/winavr/bin/../lib/gcc/avr/4.3.3/avr5\libgcc.a(_udivmodsi4.o)
                              ./PWM_prog.o (__udivmodsi4)
d:/embedded diploma/tools/sdk_win_64/sdk_win_64/winavr/bin/../lib/gcc/avr/4.3.3/avr5\libgcc.a(_divmodsi4.o)
                              ./CLCD_program.o (__divmodsi4)
d:/embedded diploma/tools/sdk_win_64/sdk_win_64/winavr/bin/../lib/gcc/avr/4.3.3/avr5\libgcc.a(_exit.o)
                              d:/embedded diploma/tools/sdk_win_64/sdk_win_64/winavr/bin/../lib/gcc/avr/4.3.3/../../../../avr/lib/avr5/crtm32.o (exit)
d:/embedded diploma/tools/sdk_win_64/sdk_win_64/winavr/bin/../lib/gcc/avr/4.3.3/avr5\libgcc.a(_copy_data.o)
                              ./ADC_prog.o (__do_copy_data)
d:/embedded diploma/tools/sdk_win_64/sdk_win_64/winavr/bin/../lib/gcc/avr/4.3.3/avr5\libgcc.a(_clear_bss.o)
                              ./ADC_prog.o (__do_clear_bss)
d:/embedded diploma/tools/sdk_win_64/sdk_win_64/winavr/bin/../lib/gcc/avr/4.3.3/avr5\libgcc.a(_fixunssfsi.o)
                              ./CLCD_program.o (__fixunssfsi)
d:/embedded diploma/tools/sdk_win_64/sdk_win_64/winavr/bin/../lib/gcc/avr/4.3.3/avr5\libgcc.a(_addsub_sf.o)
                              d:/embedded diploma/tools/sdk_win_64/sdk_win_64/winavr/bin/../lib/gcc/avr/4.3.3/avr5\libgcc.a(_fixunssfsi.o) (__subsf3)
d:/embedded diploma/tools/sdk_win_64/sdk_win_64/winavr/bin/../lib/gcc/avr/4.3.3/avr5\libgcc.a(_mul_sf.o)
                              ./CLCD_program.o (__mulsf3)
d:/embedded diploma/tools/sdk_win_64/sdk_win_64/winavr/bin/../lib/gcc/avr/4.3.3/avr5\libgcc.a(_gt_sf.o)
                              ./CLCD_program.o (__gtsf2)
d:/embedded diploma/tools/sdk_win_64/sdk_win_64/winavr/bin/../lib/gcc/avr/4.3.3/avr5\libgcc.a(_ge_sf.o)
                              d:/embedded diploma/tools/sdk_win_64/sdk_win_64/winavr/bin/../lib/gcc/avr/4.3.3/avr5\libgcc.a(_fixunssfsi.o) (__gesf2)
d:/embedded diploma/tools/sdk_win_64/sdk_win_64/winavr/bin/../lib/gcc/avr/4.3.3/avr5\libgcc.a(_lt_sf.o)
                              ./CLCD_program.o (__ltsf2)
d:/embedded diploma/tools/sdk_win_64/sdk_win_64/winavr/bin/../lib/gcc/avr/4.3.3/avr5\libgcc.a(_sf_to_si.o)
                              d:/embedded diploma/tools/sdk_win_64/sdk_win_64/winavr/bin/../lib/gcc/avr/4.3.3/avr5\libgcc.a(_fixunssfsi.o) (__fixsfsi)
d:/embedded diploma/tools/sdk_win_64/sdk_win_64/winavr/bin/../lib/gcc/avr/4.3.3/avr5\libgcc.a(_thenan_sf.o)
                              d:/embedded diploma/tools/sdk_win_64/sdk_win_64/winavr/bin/../lib/gcc/avr/4.3.3/avr5\libgcc.a(_addsub_sf.o) (__thenan_sf)
d:/embedded diploma/tools/sdk_win_64/sdk_win_64/winavr/bin/../lib/gcc/avr/4.3.3/avr5\libgcc.a(_prologue.o)
                              d:/embedded diploma/tools/sdk_win_64/sdk_win_64/winavr/bin/../lib/gcc/avr/4.3.3/avr5\libgcc.a(_addsub_sf.o) (__prologue_saves__)
d:/embedded diploma/tools/sdk_win_64/sdk_win_64/winavr/bin/../lib/gcc/avr/4.3.3/avr5\libgcc.a(_epilogue.o)
                              d:/embedded diploma/tools/sdk_win_64/sdk_win_64/winavr/bin/../lib/gcc/avr/4.3.3/avr5\libgcc.a(_addsub_sf.o) (__epilogue_restores__)
d:/embedded diploma/tools/sdk_win_64/sdk_win_64/winavr/bin/../lib/gcc/avr/4.3.3/avr5\libgcc.a(_pack_sf.o)
                              d:/embedded diploma/tools/sdk_win_64/sdk_win_64/winavr/bin/../lib/gcc/avr/4.3.3/avr5\libgcc.a(_addsub_sf.o) (__pack_f)
d:/embedded diploma/tools/sdk_win_64/sdk_win_64/winavr/bin/../lib/gcc/avr/4.3.3/avr5\libgcc.a(_unpack_sf.o)
                              d:/embedded diploma/tools/sdk_win_64/sdk_win_64/winavr/bin/../lib/gcc/avr/4.3.3/avr5\libgcc.a(_addsub_sf.o) (__unpack_f)
d:/embedded diploma/tools/sdk_win_64/sdk_win_64/winavr/bin/../lib/gcc/avr/4.3.3/avr5\libgcc.a(_fpcmp_parts_sf.o)
                              d:/embedded diploma/tools/sdk_win_64/sdk_win_64/winavr/bin/../lib/gcc/avr/4.3.3/avr5\libgcc.a(_gt_sf.o) (__fpcmp_parts_f)

Memory Configuration

Name             Origin             Length             Attributes
text             0x00000000         0x00020000         xr
data             0x00800060         0x0000ffa0         rw !x
eeprom           0x00810000         0x00010000         rw !x
fuse             0x00820000         0x00000400         rw !x
lock             0x00830000         0x00000400         rw !x
signature        0x00840000         0x00000400         rw !x
*default*        0x00000000         0xffffffff

Linker script and memory map

LOAD d:/embedded diploma/tools/sdk_win_64/sdk_win_64/winavr/bin/../lib/gcc/avr/4.3.3/../../../../avr/lib/avr5/crtm32.o
LOAD ./ADC_prog.o
LOAD ./CLCD_program.o
LOAD ./DIO_program.o
LOAD ./EEPROM_prog.o
LOAD ./GIE_prog.o
LOAD ./PORT_prog.o
LOAD ./PWM_prog.o
LOAD ./TIMERS_prog.o
LOAD ./TWI_prog.o
LOAD ./USART_prog.o
LOAD ./main.o
LOAD d:/embedded diploma/tools/sdk_win_64/sdk_win_64/winavr/bin/../lib/gcc/avr/4.3.3/avr5\libgcc.a
LOAD d:/embedded diploma/tools/sdk_win_64/sdk_win_64/winavr/bin/../lib/gcc/avr/4.3.3/../../../../avr/lib/avr5\libc.a
LOAD d:/embedded diploma/tools/sdk_win_64/sdk_win_64/winavr/bin/../lib/gcc/avr/4.3.3/avr5\libgcc.a

.hash
 *(.hash)

.dynsym
 *(.dynsym)

.dynstr
 *(.dynstr)

.gnu.version
 *(.gnu.version)

.gnu.version_d
 *(.gnu.version_d)

.gnu.version_r
 *(.gnu.version_r)

.rel.init
 *(.rel.init)

.rela.init
 *(.rela.init)

.rel.text
 *(.rel.text)
 *(.rel.text.*)
 *(.rel.gnu.linkonce.t*)

.rela.text
 *(.rela.text)
 *(.rela.text.*)
 *(.rela.gnu.linkonce.t*)

.rel.fini
 *(.rel.fini)

.rela.fini
 *(.rela.fini)

.rel.rodata
 *(.rel.rodata)
 *(.rel.rodata.*)
 *(.rel.gnu.linkonce.r*)

.rela.rodata
 *(.rela.rodata)
 *(.rela.rodata.*)
 *(.rela.gnu.linkonce.r*)

.rel.data
 *(.rel.data)
 *(.rel.data.*)
 *(.rel.gnu.linkonce.d*)

.rela.data
 *(.rela.data)
 *(.rela.data.*)
 *(.rela.gnu.linkonce.d*)

.rel.ctors
 *(.rel.ctors)

.rela.ctors
 *(.rela.ctors)

.rel.dtors
 *(.rel.dtors)

.rela.dtors
 *(.rela.dtors)

.rel.got
 *(.rel.got)

.rela.got
 *(.rela.got)

.rel.bss
 *(.rel.bss)

.rela.bss
 *(.rela.bss)

.rel.plt
 *(.rel.plt)

.rela.plt
 *(.rela.plt)

.text           0x00000000     0x5e7a
 *(.vectors)
 .vectors       0x00000000       0x54 d:/embedded diploma/tools/sdk_win_64/sdk_win_64/winavr/bin/../lib/gcc/avr/4.3.3/../../../../avr/lib/avr5/crtm32.o
                0x00000000                __vectors
                0x00000000                __vector_default
 *(.vectors)
 *(.progmem.gcc*)
 *(.progmem*)
                0x00000054                . = ALIGN (0x2)
                0x00000054                __trampolines_start = .
 *(.trampolines)
 .trampolines   0x00000054        0x0 linker stubs
 *(.trampolines*)
                0x00000054                __trampolines_end = .
 *(.jumptables)
 *(.jumptables*)
 *(.lowtext)
 *(.lowtext*)
                0x00000054                __ctors_start = .
 *(.ctors)
                0x00000054                __ctors_end = .
                0x00000054                __dtors_start = .
 *(.dtors)
                0x00000054                __dtors_end = .
 SORT(*)(.ctors)
 SORT(*)(.dtors)
 *(.init0)
 .init0         0x00000054        0x0 d:/embedded diploma/tools/sdk_win_64/sdk_win_64/winavr/bin/../lib/gcc/avr/4.3.3/../../../../avr/lib/avr5/crtm32.o
                0x00000054                __init
 *(.init0)
 *(.init1)
 *(.init1)
 *(.init2)
 .init2         0x00000054        0xc d:/embedded diploma/tools/sdk_win_64/sdk_win_64/winavr/bin/../lib/gcc/avr/4.3.3/../../../../avr/lib/avr5/crtm32.o
 *(.init2)
 *(.init3)
 *(.init3)
 *(.init4)
 .init4         0x00000060       0x16 d:/embedded diploma/tools/sdk_win_64/sdk_win_64/winavr/bin/../lib/gcc/avr/4.3.3/avr5\libgcc.a(_copy_data.o)
                0x00000060                __do_copy_data
 .init4         0x00000076       0x10 d:/embedded diploma/tools/sdk_win_64/sdk_win_64/winavr/bin/../lib/gcc/avr/4.3.3/avr5\libgcc.a(_clear_bss.o)
                0x00000076                __do_clear_bss
 *(.init4)
 *(.init5)
 *(.init5)
 *(.init6)
 *(.init6)
 *(.init7)
 *(.init7)
 *(.init8)
 *(.init8)
 *(.init9)
 .init9         0x00000086        0x8 d:/embedded diploma/tools/sdk_win_64/sdk_win_64/winavr/bin/../lib/gcc/avr/4.3.3/../../../../avr/lib/avr5/crtm32.o
 *(.init9)
 *(.text)
 .text          0x0000008e        0x4 d:/embedded diploma/tools/sdk_win_64/sdk_win_64/winavr/bin/../lib/gcc/avr/4.3.3/../../../../avr/lib/avr5/crtm32.o
                0x0000008e                __vector_1
                0x0000008e                __vector_12
                0x0000008e                __bad_interrupt
                0x0000008e                __vector_3
                0x0000008e                __vector_17
                0x0000008e                __vector_19
                0x0000008e                __vector_2
                0x0000008e                __vector_14
                0x0000008e                __vector_18
                0x0000008e                __vector_20
 .text          0x00000092        0x0 ./ADC_prog.o
 .text          0x00000092        0x0 ./CLCD_program.o
 .text          0x00000092        0x0 ./DIO_program.o
 .text          0x00000092        0x0 ./EEPROM_prog.o
 .text          0x00000092        0x0 ./GIE_prog.o
 .text          0x00000092        0x0 ./PORT_prog.o
 .text          0x00000092        0x0 ./PWM_prog.o
 .text          0x00000092        0x0 ./TIMERS_prog.o
 .text          0x00000092        0x0 ./TWI_prog.o
 .text          0x00000092        0x0 ./USART_prog.o
 .text          0x00000092        0x0 ./main.o
 .text          0x00000092        0x0 d:/embedded diploma/tools/sdk_win_64/sdk_win_64/winavr/bin/../lib/gcc/avr/4.3.3/avr5\libgcc.a(_mulsi3.o)
 .text          0x00000092        0x0 d:/embedded diploma/tools/sdk_win_64/sdk_win_64/winavr/bin/../lib/gcc/avr/4.3.3/avr5\libgcc.a(_udivmodsi4.o)
 .text          0x00000092        0x0 d:/embedded diploma/tools/sdk_win_64/sdk_win_64/winavr/bin/../lib/gcc/avr/4.3.3/avr5\libgcc.a(_divmodsi4.o)
 .text          0x00000092        0x0 d:/embedded diploma/tools/sdk_win_64/sdk_win_64/winavr/bin/../lib/gcc/avr/4.3.3/avr5\libgcc.a(_exit.o)
 .text          0x00000092        0x0 d:/embedded diploma/tools/sdk_win_64/sdk_win_64/winavr/bin/../lib/gcc/avr/4.3.3/avr5\libgcc.a(_copy_data.o)
 .text          0x00000092        0x0 d:/embedded diploma/tools/sdk_win_64/sdk_win_64/winavr/bin/../lib/gcc/avr/4.3.3/avr5\libgcc.a(_clear_bss.o)
 .text          0x00000092       0x58 d:/embedded diploma/tools/sdk_win_64/sdk_win_64/winavr/bin/../lib/gcc/avr/4.3.3/avr5\libgcc.a(_fixunssfsi.o)
                0x00000092                __fixunssfsi
 .text          0x000000ea      0x354 d:/embedded diploma/tools/sdk_win_64/sdk_win_64/winavr/bin/../lib/gcc/avr/4.3.3/avr5\libgcc.a(_addsub_sf.o)
                0x00000382                __subsf3
                0x000003e4                __addsf3
 .text          0x0000043e      0x1f4 d:/embedded diploma/tools/sdk_win_64/sdk_win_64/winavr/bin/../lib/gcc/avr/4.3.3/avr5\libgcc.a(_mul_sf.o)
                0x0000043e                __mulsf3
 .text          0x00000632       0x60 d:/embedded diploma/tools/sdk_win_64/sdk_win_64/winavr/bin/../lib/gcc/avr/4.3.3/avr5\libgcc.a(_gt_sf.o)
                0x00000632                __gtsf2
 .text          0x00000692       0x60 d:/embedded diploma/tools/sdk_win_64/sdk_win_64/winavr/bin/../lib/gcc/avr/4.3.3/avr5\libgcc.a(_ge_sf.o)
                0x00000692                __gesf2
 .text          0x000006f2       0x60 d:/embedded diploma/tools/sdk_win_64/sdk_win_64/winavr/bin/../lib/gcc/avr/4.3.3/avr5\libgcc.a(_lt_sf.o)
                0x000006f2                __ltsf2
 .text          0x00000752       0xa8 d:/embedded diploma/tools/sdk_win_64/sdk_win_64/winavr/bin/../lib/gcc/avr/4.3.3/avr5\libgcc.a(_sf_to_si.o)
                0x00000752                __fixsfsi
 .text          0x000007fa        0x0 d:/embedded diploma/tools/sdk_win_64/sdk_win_64/winavr/bin/../lib/gcc/avr/4.3.3/avr5\libgcc.a(_thenan_sf.o)
 .text          0x000007fa        0x0 d:/embedded diploma/tools/sdk_win_64/sdk_win_64/winavr/bin/../lib/gcc/avr/4.3.3/avr5\libgcc.a(_prologue.o)
 .text          0x000007fa        0x0 d:/embedded diploma/tools/sdk_win_64/sdk_win_64/winavr/bin/../lib/gcc/avr/4.3.3/avr5\libgcc.a(_epilogue.o)
 .text          0x000007fa      0x1aa d:/embedded diploma/tools/sdk_win_64/sdk_win_64/winavr/bin/../lib/gcc/avr/4.3.3/avr5\libgcc.a(_pack_sf.o)
                0x000007fa                __pack_f
 .text          0x000009a4       0xf0 d:/embedded diploma/tools/sdk_win_64/sdk_win_64/winavr/bin/../lib/gcc/avr/4.3.3/avr5\libgcc.a(_unpack_sf.o)
                0x000009a4                __unpack_f
 .text          0x00000a94       0xb2 d:/embedded diploma/tools/sdk_win_64/sdk_win_64/winavr/bin/../lib/gcc/avr/4.3.3/avr5\libgcc.a(_fpcmp_parts_sf.o)
                0x00000a94                __fpcmp_parts_f
                0x00000b46                . = ALIGN (0x2)
 *(.text.*)
 .text.ADC_voidInit
                0x00000b46       0x70 ./ADC_prog.o
                0x00000b46                ADC_voidInit
 .text.ADC_u8StartConversionSynch
                0x00000bb6      0x110 ./ADC_prog.o
                0x00000bb6                ADC_u8StartConversionSynch
 .text.ADC_u8StartConversionAsynch
                0x00000cc6       0xac ./ADC_prog.o
                0x00000cc6                ADC_u8StartConversionAsynch
 .text.ADC_u8StartChainingConvAsynch
                0x00000d72       0xe4 ./ADC_prog.o
                0x00000d72                ADC_u8StartChainingConvAsynch
 .text.__vector_16
                0x00000e56      0x128 ./ADC_prog.o
                0x00000e56                __vector_16
 .text.voidSendEnablePulse
                0x00000f7e      0x11e ./CLCD_program.o
 .text.voidSetLCDHalfDataPort
                0x0000109c       0x60 ./CLCD_program.o
 .text.CLCD_voidSendCmd
                0x000010fc       0x36 ./CLCD_program.o
                0x000010fc                CLCD_voidSendCmd
 .text.CLCD_voidSendData
                0x00001132       0x36 ./CLCD_program.o
                0x00001132                CLCD_voidSendData
 .text.CLCD_voidInit
                0x00001168      0x134 ./CLCD_program.o
                0x00001168                CLCD_voidInit
 .text.CLCD_u8SendString
                0x0000129c       0x66 ./CLCD_program.o
                0x0000129c                CLCD_u8SendString
 .text.CLCD_voidSendNumber
                0x00001302      0x11a ./CLCD_program.o
                0x00001302                CLCD_voidSendNumber
 .text.CLCD_viodGoToXY
                0x0000141c       0x40 ./CLCD_program.o
                0x0000141c                CLCD_viodGoToXY
 .text.CLCD_voidSendSpecialCharacter
                0x0000145c       0x84 ./CLCD_program.o
                0x0000145c                CLCD_voidSendSpecialCharacter
 .text.CLCD_voidSendBinary
                0x000014e0       0xb0 ./CLCD_program.o
                0x000014e0                CLCD_voidSendBinary
 .text.CLCD_voidSendHex
                0x00001590      0x228 ./CLCD_program.o
                0x00001590                CLCD_voidSendHex
 .text.DIO_u8SetPinDirection
                0x000017b8      0x224 ./DIO_program.o
                0x000017b8                DIO_u8SetPinDirection
 .text.DIO_u8SetPinValue
                0x000019dc      0x224 ./DIO_program.o
                0x000019dc                DIO_u8SetPinValue
 .text.DIO_u8GetPinValue
                0x00001c00      0x134 ./DIO_program.o
                0x00001c00                DIO_u8GetPinValue
 .text.DIO_u8SetPortDirection
                0x00001d34       0x9c ./DIO_program.o
                0x00001d34                DIO_u8SetPortDirection
 .text.DIO_u8SetPortValue
                0x00001dd0       0x9c ./DIO_program.o
                0x00001dd0                DIO_u8SetPortValue
 .text.DIO_u8TogglePinValue
                0x00001e6c      0x116 ./DIO_program.o
                0x00001e6c                DIO_u8TogglePinValue
 .text.EEPROM_voidWriteDataByte
                0x00001f82      0x14e ./EEPROM_prog.o
                0x00001f82                EEPROM_voidWriteDataByte
 .text.EEPROM_voidReadDataByte
                0x000020d0       0x7e ./EEPROM_prog.o
                0x000020d0                EEPROM_voidReadDataByte
 .text.GIE_voidEnable
                0x0000214e       0x10 ./GIE_prog.o
                0x0000214e                GIE_voidEnable
 .text.GIE_voidDisable
                0x0000215e       0x10 ./GIE_prog.o
                0x0000215e                GIE_voidDisable
 .text.PORT_voidInit
                0x0000216e       0x48 ./PORT_prog.o
                0x0000216e                PORT_voidInit
 .text.PWM_voidSetFrequency_SetDutyCycle
                0x000021b6      0x1ae ./PWM_prog.o
                0x000021b6                PWM_voidSetFrequency_SetDutyCycle
 .text.PWM_u8Measure_Frequency_DutyCycle
                0x00002364      0x1d6 ./PWM_prog.o
                0x00002364                PWM_u8Measure_Frequency_DutyCycle
 .text.ICU_voidTrigger_CFG
                0x0000253a       0x56 ./PWM_prog.o
                0x0000253a                ICU_voidTrigger_CFG
 .text.TIMER1_OVF_Event
                0x00002590       0x18 ./PWM_prog.o
                0x00002590                TIMER1_OVF_Event
 .text.ICU_Process
                0x000025a8       0xf6 ./PWM_prog.o
                0x000025a8                ICU_Process
 .text.Schedule_u8Service
                0x0000269e       0xa0 ./PWM_prog.o
                0x0000269e                Schedule_u8Service
 .text.Schedul_voidOVF_Event
                0x0000273e       0x88 ./PWM_prog.o
                0x0000273e                Schedul_voidOVF_Event
 .text.TIMER0_u8Init
                0x000027c6      0x2f8 ./TIMERS_prog.o
                0x000027c6                TIMER0_u8Init
 .text.TIMER0_voidPreload_Val
                0x00002abe       0x1c ./TIMERS_prog.o
                0x00002abe                TIMER0_voidPreload_Val
 .text.TIMER0_void_Set_CompValue
                0x00002ada       0x1c ./TIMERS_prog.o
                0x00002ada                TIMER0_void_Set_CompValue
 .text.TIMER0_voidSet_CTCMode
                0x00002af6       0xce ./TIMERS_prog.o
                0x00002af6                TIMER0_voidSet_CTCMode
 .text.TIMER0_voidSet_FastPwmMode
                0x00002bc4       0x98 ./TIMERS_prog.o
                0x00002bc4                TIMER0_voidSet_FastPwmMode
 .text.TIMER0_voidSet_PHCorrectMode
                0x00002c5c       0x98 ./TIMERS_prog.o
                0x00002c5c                TIMER0_voidSet_PHCorrectMode
 .text.TIMER2_u8Init
                0x00002cf4      0x2f8 ./TIMERS_prog.o
                0x00002cf4                TIMER2_u8Init
 .text.TIMER2_voidPreload_Val
                0x00002fec       0x1c ./TIMERS_prog.o
                0x00002fec                TIMER2_voidPreload_Val
 .text.TIMER2_void_Set_CompValue
                0x00003008       0x1c ./TIMERS_prog.o
                0x00003008                TIMER2_void_Set_CompValue
 .text.TIMER2_voidSet_CTCMode
                0x00003024       0xce ./TIMERS_prog.o
                0x00003024                TIMER2_voidSet_CTCMode
 .text.TIMER2_voidSet_FastPwmMode
                0x000030f2       0x98 ./TIMERS_prog.o
                0x000030f2                TIMER2_voidSet_FastPwmMode
 .text.TIMER2_voidSet_PHCorrectMode
                0x0000318a       0x98 ./TIMERS_prog.o
                0x0000318a                TIMER2_voidSet_PHCorrectMode
 .text.TIMER1_voidInit
                0x00003222      0x8f0 ./TIMERS_prog.o
                0x00003222                TIMER1_voidInit
 .text.TIMER1_voidSet_CTCMode
                0x00003b12      0x182 ./TIMERS_prog.o
                0x00003b12                TIMER1_voidSet_CTCMode
 .text.TIMER1_voidSet_FastPwmMode
                0x00003c94      0x120 ./TIMERS_prog.o
                0x00003c94                TIMER1_voidSet_FastPwmMode
 .text.TIMER1_voidSet_PHCorrectMode
                0x00003db4      0x120 ./TIMERS_prog.o
                0x00003db4                TIMER1_voidSet_PHCorrectMode
 .text.TIMERS_void_INT_Enable
                0x00003ed4      0x100 ./TIMERS_prog.o
                0x00003ed4                TIMERS_void_INT_Enable
 .text.TIMERS_void_INT_Disable
                0x00003fd4      0x100 ./TIMERS_prog.o
                0x00003fd4                TIMERS_void_INT_Disable
 .text.TIMERS_u8SetCallBack
                0x000040d4       0x4a ./TIMERS_prog.o
                0x000040d4                TIMERS_u8SetCallBack
 .text.TIMER1_voidPreload_Val
                0x0000411e       0x24 ./TIMERS_prog.o
                0x0000411e                TIMER1_voidPreload_Val
 .text.TIMER1_void_Set_CompValue
                0x00004142       0x44 ./TIMERS_prog.o
                0x00004142                TIMER1_void_Set_CompValue
 .text.TIMER1_voidSet_TopVal
                0x00004186      0x100 ./TIMERS_prog.o
                0x00004186                TIMER1_voidSet_TopVal
 .text.WDT_voidSetTime
                0x00004286       0x22 ./TIMERS_prog.o
                0x00004286                WDT_voidSetTime
 .text.WDT_voidEnable
                0x000042a8       0x1c ./TIMERS_prog.o
                0x000042a8                WDT_voidEnable
 .text.WDT_voidDisable
                0x000042c4       0x1c ./TIMERS_prog.o
                0x000042c4                WDT_voidDisable
 .text.__vector_10
                0x000042e0       0x66 ./TIMERS_prog.o
                0x000042e0                __vector_10
 .text.__vector_11
                0x00004346       0x66 ./TIMERS_prog.o
                0x00004346                __vector_11
 .text.__vector_8
                0x000043ac       0x66 ./TIMERS_prog.o
                0x000043ac                __vector_8
 .text.__vector_7
                0x00004412       0x66 ./TIMERS_prog.o
                0x00004412                __vector_7
 .text.__vector_4
                0x00004478       0x66 ./TIMERS_prog.o
                0x00004478                __vector_4
 .text.__vector_5
                0x000044de       0x66 ./TIMERS_prog.o
                0x000044de                __vector_5
 .text.__vector_6
                0x00004544       0x66 ./TIMERS_prog.o
                0x00004544                __vector_6
 .text.__vector_9
                0x000045aa       0x66 ./TIMERS_prog.o
                0x000045aa                __vector_9
 .text.TWI_voidMasterInit
                0x00004610       0x64 ./TWI_prog.o
                0x00004610                TWI_voidMasterInit
 .text.TWI_voidSlaveInit
                0x00004674       0x32 ./TWI_prog.o
                0x00004674                TWI_voidSlaveInit
 .text.TWI_SendStartCondition
                0x000046a6       0x54 ./TWI_prog.o
                0x000046a6                TWI_SendStartCondition
 .text.TWI_SendReapeatedStart
                0x000046fa       0x54 ./TWI_prog.o
                0x000046fa                TWI_SendReapeatedStart
 .text.TWI_SendSlaveAdressWithWrite
                0x0000474e       0x70 ./TWI_prog.o
                0x0000474e                TWI_SendSlaveAdressWithWrite
 .text.TWI_SendSlaveAdressWithRead
                0x000047be       0x70 ./TWI_prog.o
                0x000047be                TWI_SendSlaveAdressWithRead
 .text.TWI_MstrWriteDataByte
                0x0000482e       0x52 ./TWI_prog.o
                0x0000482e                TWI_MstrWriteDataByte
 .text.TWI_MstrReadDataByte
                0x00004880       0x6c ./TWI_prog.o
                0x00004880                TWI_MstrReadDataByte
 .text.TWI_voidStopCondition
                0x000048ec       0x2a ./TWI_prog.o
                0x000048ec                TWI_voidStopCondition
 .text.UART_voidInit
                0x00004916       0xb0 ./USART_prog.o
                0x00004916                UART_voidInit
 .text.UART_voidTransData
                0x000049c6       0x3e ./USART_prog.o
                0x000049c6                UART_voidTransData
 .text.UART_u8RecieveData
                0x00004a04       0x8e ./USART_prog.o
                0x00004a04                UART_u8RecieveData
 .text.UART_u8SendString
                0x00004a92       0x66 ./USART_prog.o
                0x00004a92                UART_u8SendString
 .text.UART_voidRecieveBufferSynch
                0x00004af8       0x5c ./USART_prog.o
                0x00004af8                UART_voidRecieveBufferSynch
 .text.UART_voidSendBufferAsynch
                0x00004b54       0x84 ./USART_prog.o
                0x00004b54                UART_voidSendBufferAsynch
 .text.UART_voidRecieveBufferAsynch
                0x00004bd8       0x84 ./USART_prog.o
                0x00004bd8                UART_voidRecieveBufferAsynch
 .text.__vector_15
                0x00004c5c       0xba ./USART_prog.o
                0x00004c5c                __vector_15
 .text.__vector_13
                0x00004d16       0xba ./USART_prog.o
                0x00004d16                __vector_13
 .text.UART_ReceiveBufferFlush
                0x00004dd0       0x2a ./USART_prog.o
                0x00004dd0                UART_ReceiveBufferFlush
 .text.main     0x00004dfa      0x228 ./main.o
                0x00004dfa                main
 .text.APP_u8EnteryChoice
                0x00005022      0x10e ./main.o
                0x00005022                APP_u8EnteryChoice
 .text.APP_u8ID_Password_Entering
                0x00005130      0x16a ./main.o
                0x00005130                APP_u8ID_Password_Entering
 .text.APP_u8ID_Password_Check
                0x0000529a      0x186 ./main.o
                0x0000529a                APP_u8ID_Password_Check
 .text.APP_voidDisplayChoices
                0x00005420       0x5e ./main.o
                0x00005420                APP_voidDisplayChoices
 .text.APP_u8ChoiceChecking
                0x0000547e      0x366 ./main.o
                0x0000547e                APP_u8ChoiceChecking
 .text.APP_voidHomeControl
                0x000057e4       0xb0 ./main.o
                0x000057e4                APP_voidHomeControl
 .text.APP_voidTurn_OnLed
                0x00005894       0x4a ./main.o
                0x00005894                APP_voidTurn_OnLed
 .text.APP_voidTurnOffLed
                0x000058de       0x4a ./main.o
                0x000058de                APP_voidTurnOffLed
 .text.APP_voidOpenDoor
                0x00005928       0x34 ./main.o
                0x00005928                APP_voidOpenDoor
 .text.APP_voidCloseDoor
                0x0000595c       0x34 ./main.o
                0x0000595c                APP_voidCloseDoor
 .text.APP_OpenFan
                0x00005990       0x18 ./main.o
                0x00005990                APP_OpenFan
 .text.APP_CloseFan
                0x000059a8       0x1e ./main.o
                0x000059a8                APP_CloseFan
 .text.APP_ControlLight
                0x000059c6      0x17e ./main.o
                0x000059c6                APP_ControlLight
 .text.APP_ControlMotorSpeed
                0x00005b44      0x126 ./main.o
                0x00005b44                APP_ControlMotorSpeed
 .text.MAP      0x00005c6a       0xe6 ./main.o
                0x00005c6a                MAP
 .text.libgcc   0x00005d50       0x3e d:/embedded diploma/tools/sdk_win_64/sdk_win_64/winavr/bin/../lib/gcc/avr/4.3.3/avr5\libgcc.a(_mulsi3.o)
                0x00005d50                __mulsi3
 .text.libgcc   0x00005d8e       0x44 d:/embedded diploma/tools/sdk_win_64/sdk_win_64/winavr/bin/../lib/gcc/avr/4.3.3/avr5\libgcc.a(_udivmodsi4.o)
                0x00005d8e                __udivmodsi4
 .text.libgcc   0x00005dd2       0x36 d:/embedded diploma/tools/sdk_win_64/sdk_win_64/winavr/bin/../lib/gcc/avr/4.3.3/avr5\libgcc.a(_divmodsi4.o)
                0x00005dd2                __divmodsi4
 .text.libgcc   0x00005e08        0x0 d:/embedded diploma/tools/sdk_win_64/sdk_win_64/winavr/bin/../lib/gcc/avr/4.3.3/avr5\libgcc.a(_exit.o)
 .text.libgcc   0x00005e08        0x0 d:/embedded diploma/tools/sdk_win_64/sdk_win_64/winavr/bin/../lib/gcc/avr/4.3.3/avr5\libgcc.a(_copy_data.o)
 .text.libgcc   0x00005e08        0x0 d:/embedded diploma/tools/sdk_win_64/sdk_win_64/winavr/bin/../lib/gcc/avr/4.3.3/avr5\libgcc.a(_clear_bss.o)
 .text.libgcc   0x00005e08       0x38 d:/embedded diploma/tools/sdk_win_64/sdk_win_64/winavr/bin/../lib/gcc/avr/4.3.3/avr5\libgcc.a(_prologue.o)
                0x00005e08                __prologue_saves__
 .text.libgcc   0x00005e40       0x36 d:/embedded diploma/tools/sdk_win_64/sdk_win_64/winavr/bin/../lib/gcc/avr/4.3.3/avr5\libgcc.a(_epilogue.o)
                0x00005e40                __epilogue_restores__
                0x00005e76                . = ALIGN (0x2)
 *(.fini9)
 .fini9         0x00005e76        0x0 d:/embedded diploma/tools/sdk_win_64/sdk_win_64/winavr/bin/../lib/gcc/avr/4.3.3/avr5\libgcc.a(_exit.o)
                0x00005e76                exit
                0x00005e76                _exit
 *(.fini9)
 *(.fini8)
 *(.fini8)
 *(.fini7)
 *(.fini7)
 *(.fini6)
 *(.fini6)
 *(.fini5)
 *(.fini5)
 *(.fini4)
 *(.fini4)
 *(.fini3)
 *(.fini3)
 *(.fini2)
 *(.fini2)
 *(.fini1)
 *(.fini1)
 *(.fini0)
 .fini0         0x00005e76        0x4 d:/embedded diploma/tools/sdk_win_64/sdk_win_64/winavr/bin/../lib/gcc/avr/4.3.3/avr5\libgcc.a(_exit.o)
 *(.fini0)
                0x00005e7a                _etext = .

.data           0x00800060      0x1aa load address 0x00005e7a
                0x00800060                PROVIDE (__data_start, .)
 *(.data)
 .data          0x00800060        0x0 d:/embedded diploma/tools/sdk_win_64/sdk_win_64/winavr/bin/../lib/gcc/avr/4.3.3/../../../../avr/lib/avr5/crtm32.o
 .data          0x00800060        0x0 ./ADC_prog.o
 .data          0x00800060        0x6 ./CLCD_program.o
 .data          0x00800066        0x0 ./DIO_program.o
 .data          0x00800066        0x0 ./EEPROM_prog.o
 .data          0x00800066        0x0 ./GIE_prog.o
 .data          0x00800066        0x0 ./PORT_prog.o
 .data          0x00800066        0x0 ./PWM_prog.o
 .data          0x00800066        0x0 ./TIMERS_prog.o
 .data          0x00800066        0x0 ./TWI_prog.o
 .data          0x00800066        0x0 ./USART_prog.o
 .data          0x00800066       0xfc ./main.o
 .data          0x00800162        0x0 d:/embedded diploma/tools/sdk_win_64/sdk_win_64/winavr/bin/../lib/gcc/avr/4.3.3/avr5\libgcc.a(_mulsi3.o)
 .data          0x00800162        0x0 d:/embedded diploma/tools/sdk_win_64/sdk_win_64/winavr/bin/../lib/gcc/avr/4.3.3/avr5\libgcc.a(_udivmodsi4.o)
 .data          0x00800162        0x0 d:/embedded diploma/tools/sdk_win_64/sdk_win_64/winavr/bin/../lib/gcc/avr/4.3.3/avr5\libgcc.a(_divmodsi4.o)
 .data          0x00800162        0x0 d:/embedded diploma/tools/sdk_win_64/sdk_win_64/winavr/bin/../lib/gcc/avr/4.3.3/avr5\libgcc.a(_exit.o)
 .data          0x00800162        0x0 d:/embedded diploma/tools/sdk_win_64/sdk_win_64/winavr/bin/../lib/gcc/avr/4.3.3/avr5\libgcc.a(_copy_data.o)
 .data          0x00800162        0x0 d:/embedded diploma/tools/sdk_win_64/sdk_win_64/winavr/bin/../lib/gcc/avr/4.3.3/avr5\libgcc.a(_clear_bss.o)
 .data          0x00800162        0x0 d:/embedded diploma/tools/sdk_win_64/sdk_win_64/winavr/bin/../lib/gcc/avr/4.3.3/avr5\libgcc.a(_fixunssfsi.o)
 .data          0x00800162        0x0 d:/embedded diploma/tools/sdk_win_64/sdk_win_64/winavr/bin/../lib/gcc/avr/4.3.3/avr5\libgcc.a(_addsub_sf.o)
 .data          0x00800162        0x0 d:/embedded diploma/tools/sdk_win_64/sdk_win_64/winavr/bin/../lib/gcc/avr/4.3.3/avr5\libgcc.a(_mul_sf.o)
 .data          0x00800162        0x0 d:/embedded diploma/tools/sdk_win_64/sdk_win_64/winavr/bin/../lib/gcc/avr/4.3.3/avr5\libgcc.a(_gt_sf.o)
 .data          0x00800162        0x0 d:/embedded diploma/tools/sdk_win_64/sdk_win_64/winavr/bin/../lib/gcc/avr/4.3.3/avr5\libgcc.a(_ge_sf.o)
 .data          0x00800162        0x0 d:/embedded diploma/tools/sdk_win_64/sdk_win_64/winavr/bin/../lib/gcc/avr/4.3.3/avr5\libgcc.a(_lt_sf.o)
 .data          0x00800162        0x0 d:/embedded diploma/tools/sdk_win_64/sdk_win_64/winavr/bin/../lib/gcc/avr/4.3.3/avr5\libgcc.a(_sf_to_si.o)
 .data          0x00800162        0x8 d:/embedded diploma/tools/sdk_win_64/sdk_win_64/winavr/bin/../lib/gcc/avr/4.3.3/avr5\libgcc.a(_thenan_sf.o)
                0x00800162                __thenan_sf
 .data          0x0080016a        0x0 d:/embedded diploma/tools/sdk_win_64/sdk_win_64/winavr/bin/../lib/gcc/avr/4.3.3/avr5\libgcc.a(_prologue.o)
 .data          0x0080016a        0x0 d:/embedded diploma/tools/sdk_win_64/sdk_win_64/winavr/bin/../lib/gcc/avr/4.3.3/avr5\libgcc.a(_epilogue.o)
 .data          0x0080016a        0x0 d:/embedded diploma/tools/sdk_win_64/sdk_win_64/winavr/bin/../lib/gcc/avr/4.3.3/avr5\libgcc.a(_pack_sf.o)
 .data          0x0080016a        0x0 d:/embedded diploma/tools/sdk_win_64/sdk_win_64/winavr/bin/../lib/gcc/avr/4.3.3/avr5\libgcc.a(_unpack_sf.o)
 .data          0x0080016a        0x0 d:/embedded diploma/tools/sdk_win_64/sdk_win_64/winavr/bin/../lib/gcc/avr/4.3.3/avr5\libgcc.a(_fpcmp_parts_sf.o)
 *(.data*)
 .data.ADC_u8BusyFlag
                0x0080016a        0x1 ./ADC_prog.o
 .data.Choose_10.1789
                0x0080016b       0x12 ./main.o
 .data.Choose_9.1788
                0x0080017d        0x7 ./main.o
 .data.Choose_8.1787
                0x00800184       0x1e ./main.o
 .data.Choose_7.1786
                0x008001a2       0x10 ./main.o
 .data.Choose_6.1785
                0x008001b2        0xf ./main.o
 .data.Choose_5.1784
                0x008001c1        0xf ./main.o
 .data.Choose_4.1783
                0x008001d0        0xe ./main.o
 .data.Choose_3.1782
                0x008001de        0xe ./main.o
 .data.Choose_2.1781
                0x008001ec        0xf ./main.o
 .data.Choose_1.1780
                0x008001fb        0xe ./main.o
 *(.rodata)
 *(.rodata*)
 *(.gnu.linkonce.d*)
                0x0080020a                . = ALIGN (0x2)
 *fill*         0x00800209        0x1 00
                0x0080020a                _edata = .
                0x0080020a                PROVIDE (__data_end, .)

.bss            0x0080020a       0x67
                0x0080020a                PROVIDE (__bss_start, .)
 *(.bss)
 .bss           0x0080020a        0x0 d:/embedded diploma/tools/sdk_win_64/sdk_win_64/winavr/bin/../lib/gcc/avr/4.3.3/../../../../avr/lib/avr5/crtm32.o
 .bss           0x0080020a        0x0 ./ADC_prog.o
 .bss           0x0080020a        0x0 ./CLCD_program.o
 .bss           0x0080020a        0x0 ./DIO_program.o
 .bss           0x0080020a        0x0 ./EEPROM_prog.o
 .bss           0x0080020a        0x0 ./GIE_prog.o
 .bss           0x0080020a        0x0 ./PORT_prog.o
 .bss           0x0080020a        0x0 ./PWM_prog.o
 .bss           0x0080020a        0x0 ./TIMERS_prog.o
 .bss           0x0080020a        0x0 ./TWI_prog.o
 .bss           0x0080020a        0x0 ./USART_prog.o
 .bss           0x0080020a        0x0 ./main.o
 .bss           0x0080020a        0x0 d:/embedded diploma/tools/sdk_win_64/sdk_win_64/winavr/bin/../lib/gcc/avr/4.3.3/avr5\libgcc.a(_mulsi3.o)
 .bss           0x0080020a        0x0 d:/embedded diploma/tools/sdk_win_64/sdk_win_64/winavr/bin/../lib/gcc/avr/4.3.3/avr5\libgcc.a(_udivmodsi4.o)
 .bss           0x0080020a        0x0 d:/embedded diploma/tools/sdk_win_64/sdk_win_64/winavr/bin/../lib/gcc/avr/4.3.3/avr5\libgcc.a(_divmodsi4.o)
 .bss           0x0080020a        0x0 d:/embedded diploma/tools/sdk_win_64/sdk_win_64/winavr/bin/../lib/gcc/avr/4.3.3/avr5\libgcc.a(_exit.o)
 .bss           0x0080020a        0x0 d:/embedded diploma/tools/sdk_win_64/sdk_win_64/winavr/bin/../lib/gcc/avr/4.3.3/avr5\libgcc.a(_copy_data.o)
 .bss           0x0080020a        0x0 d:/embedded diploma/tools/sdk_win_64/sdk_win_64/winavr/bin/../lib/gcc/avr/4.3.3/avr5\libgcc.a(_clear_bss.o)
 .bss           0x0080020a        0x0 d:/embedded diploma/tools/sdk_win_64/sdk_win_64/winavr/bin/../lib/gcc/avr/4.3.3/avr5\libgcc.a(_fixunssfsi.o)
 .bss           0x0080020a        0x0 d:/embedded diploma/tools/sdk_win_64/sdk_win_64/winavr/bin/../lib/gcc/avr/4.3.3/avr5\libgcc.a(_addsub_sf.o)
 .bss           0x0080020a        0x0 d:/embedded diploma/tools/sdk_win_64/sdk_win_64/winavr/bin/../lib/gcc/avr/4.3.3/avr5\libgcc.a(_mul_sf.o)
 .bss           0x0080020a        0x0 d:/embedded diploma/tools/sdk_win_64/sdk_win_64/winavr/bin/../lib/gcc/avr/4.3.3/avr5\libgcc.a(_gt_sf.o)
 .bss           0x0080020a        0x0 d:/embedded diploma/tools/sdk_win_64/sdk_win_64/winavr/bin/../lib/gcc/avr/4.3.3/avr5\libgcc.a(_ge_sf.o)
 .bss           0x0080020a        0x0 d:/embedded diploma/tools/sdk_win_64/sdk_win_64/winavr/bin/../lib/gcc/avr/4.3.3/avr5\libgcc.a(_lt_sf.o)
 .bss           0x0080020a        0x0 d:/embedded diploma/tools/sdk_win_64/sdk_win_64/winavr/bin/../lib/gcc/avr/4.3.3/avr5\libgcc.a(_sf_to_si.o)
 .bss           0x0080020a        0x0 d:/embedded diploma/tools/sdk_win_64/sdk_win_64/winavr/bin/../lib/gcc/avr/4.3.3/avr5\libgcc.a(_thenan_sf.o)
 .bss           0x0080020a        0x0 d:/embedded diploma/tools/sdk_win_64/sdk_win_64/winavr/bin/../lib/gcc/avr/4.3.3/avr5\libgcc.a(_prologue.o)
 .bss           0x0080020a        0x0 d:/embedded diploma/tools/sdk_win_64/sdk_win_64/winavr/bin/../lib/gcc/avr/4.3.3/avr5\libgcc.a(_epilogue.o)
 .bss           0x0080020a        0x0 d:/embedded diploma/tools/sdk_win_64/sdk_win_64/winavr/bin/../lib/gcc/avr/4.3.3/avr5\libgcc.a(_pack_sf.o)
 .bss           0x0080020a        0x0 d:/embedded diploma/tools/sdk_win_64/sdk_win_64/winavr/bin/../lib/gcc/avr/4.3.3/avr5\libgcc.a(_unpack_sf.o)
 .bss           0x0080020a        0x0 d:/embedded diploma/tools/sdk_win_64/sdk_win_64/winavr/bin/../lib/gcc/avr/4.3.3/avr5\libgcc.a(_fpcmp_parts_sf.o)
 *(.bss*)
 .bss.ADC_pu16ConversionResult
                0x0080020a        0x2 ./ADC_prog.o
 .bss.ADC_pvNotificationFunc
                0x0080020c        0x2 ./ADC_prog.o
 .bss.ADC_pu8ChannelARR
                0x0080020e        0x2 ./ADC_prog.o
 .bss.ADC_u8ChainCounter
                0x00800210        0x1 ./ADC_prog.o
 .bss.ADC_u8ChainSize
                0x00800211        0x1 ./ADC_prog.o
 .bss.ADC_u8Chose
                0x00800212        0x1 ./ADC_prog.o
 .bss.pADC_Chain_t
                0x00800213        0x2 ./ADC_prog.o
 .bss.TIMER1_u32Read1
                0x00800215        0x4 ./PWM_prog.o
                0x00800215                TIMER1_u32Read1
 .bss.TIMER1_u32Read2
                0x00800219        0x4 ./PWM_prog.o
                0x00800219                TIMER1_u32Read2
 .bss.TIMER1_u32Read3
                0x0080021d        0x4 ./PWM_prog.o
                0x0080021d                TIMER1_u32Read3
 .bss.TIMER1_u8OVF_Counter
                0x00800221        0x1 ./PWM_prog.o
 .bss.ICU_u8Flag
                0x00800222        0x1 ./PWM_prog.o
 .bss.Schedul_ptFunc
                0x00800223        0x2 ./PWM_prog.o
                0x00800223                Schedul_ptFunc
 .bss.Schedul_u16PreloadVal
                0x00800225        0x2 ./PWM_prog.o
                0x00800225                Schedul_u16PreloadVal
 .bss.Schedul_u16NumberTicks
                0x00800227        0x2 ./PWM_prog.o
                0x00800227                Schedul_u16NumberTicks
 .bss.Local_u8Counter.1476
                0x00800229        0x1 ./PWM_prog.o
 .bss.Local_u32Counter.1531
                0x0080022a        0x4 ./PWM_prog.o
 .bss.TIMERS_pvCallBackFuncArr
                0x0080022e       0x10 ./TIMERS_prog.o
 .bss.Global_u8Timer1Prescaler
                0x0080023e        0x1 ./TIMERS_prog.o
                0x0080023e                Global_u8Timer1Prescaler
 .bss.UART_pvRecieveCallBackFunc
                0x0080023f        0x2 ./USART_prog.o
 .bss.UART_pvSendCallBackFunc
                0x00800241        0x2 ./USART_prog.o
 .bss.UART_pu8SendArr
                0x00800243        0x2 ./USART_prog.o
 .bss.UART_pu8RecieveArr
                0x00800245        0x2 ./USART_prog.o
 .bss.UART_u8SendSize
                0x00800247        0x1 ./USART_prog.o
 .bss.UART_u8RecieveSize
                0x00800248        0x1 ./USART_prog.o
 .bss.UART_u8SendCounter
                0x00800249        0x1 ./USART_prog.o
 .bss.UART_u8RecieveCounter
                0x0080024a        0x1 ./USART_prog.o
 .bss.UART_TimeoutRecieveFlag
                0x0080024b        0x1 ./USART_prog.o
 .bss.APP_RecievedDataArr
                0x0080024c       0x1b ./main.o
                0x0080024c                APP_RecievedDataArr
 .bss.Local_u32PeriodTime.2018
                0x00800267        0x4 ./main.o
 .bss.Local_u32OnTime.2017
                0x0080026b        0x4 ./main.o
 .bss.Local_u16Diastance.2016
                0x0080026f        0x2 ./main.o
 *(COMMON)
                0x00800271                PROVIDE (__bss_end, .)
                0x00005e7a                __data_load_start = LOADADDR (.data)
                0x00006024                __data_load_end = (__data_load_start + SIZEOF (.data))

.noinit         0x00800271        0x0
                0x00800271                PROVIDE (__noinit_start, .)
 *(.noinit*)
                0x00800271                PROVIDE (__noinit_end, .)
                0x00800271                _end = .
                0x00800271                PROVIDE (__heap_start, .)

.eeprom         0x00810000        0x0
 *(.eeprom*)
                0x00810000                __eeprom_end = .

.fuse
 *(.fuse)
 *(.lfuse)
 *(.hfuse)
 *(.efuse)

.lock
 *(.lock*)

.signature
 *(.signature*)

.stab           0x00000000     0x66c0
 *(.stab)
 .stab          0x00000000      0x714 ./ADC_prog.o
 .stab          0x00000714      0xc9c ./CLCD_program.o
                                0xd20 (size before relaxing)
 .stab          0x000013b0      0x714 ./DIO_program.o
                                0x7b0 (size before relaxing)
 .stab          0x00001ac4      0x420 ./EEPROM_prog.o
                                0x648 (size before relaxing)
 .stab          0x00001ee4      0x144 ./GIE_prog.o
                                0x1c8 (size before relaxing)
 .stab          0x00002028      0x174 ./PORT_prog.o
                                0x210 (size before relaxing)
 .stab          0x0000219c      0x8c4 ./PWM_prog.o
                                0x960 (size before relaxing)
 .stab          0x00002a60     0x17b8 ./TIMERS_prog.o
                               0x1980 (size before relaxing)
 .stab          0x00004218      0x630 ./TWI_prog.o
                                0x6f0 (size before relaxing)
 .stab          0x00004848      0x804 ./USART_prog.o
                                0x8a0 (size before relaxing)
 .stab          0x0000504c     0x1674 ./main.o
                               0x1a4c (size before relaxing)

.stabstr        0x00000000     0x2c09
 *(.stabstr)
 .stabstr       0x00000000     0x2c09 ./ADC_prog.o

.stab.excl
 *(.stab.excl)

.stab.exclstr
 *(.stab.exclstr)

.stab.index
 *(.stab.index)

.stab.indexstr
 *(.stab.indexstr)

.comment
 *(.comment)

.debug
 *(.debug)

.line
 *(.line)

.debug_srcinfo
 *(.debug_srcinfo)

.debug_sfnames
 *(.debug_sfnames)

.debug_aranges  0x00000000      0x140
 *(.debug_aranges)
 .debug_aranges
                0x00000000       0x20 d:/embedded diploma/tools/sdk_win_64/sdk_win_64/winavr/bin/../lib/gcc/avr/4.3.3/avr5\libgcc.a(_fixunssfsi.o)
 .debug_aranges
                0x00000020       0x20 d:/embedded diploma/tools/sdk_win_64/sdk_win_64/winavr/bin/../lib/gcc/avr/4.3.3/avr5\libgcc.a(_addsub_sf.o)
 .debug_aranges
                0x00000040       0x20 d:/embedded diploma/tools/sdk_win_64/sdk_win_64/winavr/bin/../lib/gcc/avr/4.3.3/avr5\libgcc.a(_mul_sf.o)
 .debug_aranges
                0x00000060       0x20 d:/embedded diploma/tools/sdk_win_64/sdk_win_64/winavr/bin/../lib/gcc/avr/4.3.3/avr5\libgcc.a(_gt_sf.o)
 .debug_aranges
                0x00000080       0x20 d:/embedded diploma/tools/sdk_win_64/sdk_win_64/winavr/bin/../lib/gcc/avr/4.3.3/avr5\libgcc.a(_ge_sf.o)
 .debug_aranges
                0x000000a0       0x20 d:/embedded diploma/tools/sdk_win_64/sdk_win_64/winavr/bin/../lib/gcc/avr/4.3.3/avr5\libgcc.a(_lt_sf.o)
 .debug_aranges
                0x000000c0       0x20 d:/embedded diploma/tools/sdk_win_64/sdk_win_64/winavr/bin/../lib/gcc/avr/4.3.3/avr5\libgcc.a(_sf_to_si.o)
 .debug_aranges
                0x000000e0       0x20 d:/embedded diploma/tools/sdk_win_64/sdk_win_64/winavr/bin/../lib/gcc/avr/4.3.3/avr5\libgcc.a(_pack_sf.o)
 .debug_aranges
                0x00000100       0x20 d:/embedded diploma/tools/sdk_win_64/sdk_win_64/winavr/bin/../lib/gcc/avr/4.3.3/avr5\libgcc.a(_unpack_sf.o)
 .debug_aranges
                0x00000120       0x20 d:/embedded diploma/tools/sdk_win_64/sdk_win_64/winavr/bin/../lib/gcc/avr/4.3.3/avr5\libgcc.a(_fpcmp_parts_sf.o)

.debug_pubnames
                0x00000000      0x170
 *(.debug_pubnames)
 .debug_pubnames
                0x00000000       0x23 d:/embedded diploma/tools/sdk_win_64/sdk_win_64/winavr/bin/../lib/gcc/avr/4.3.3/avr5\libgcc.a(_fixunssfsi.o)
 .debug_pubnames
                0x00000023       0x2c d:/embedded diploma/tools/sdk_win_64/sdk_win_64/winavr/bin/../lib/gcc/avr/4.3.3/avr5\libgcc.a(_addsub_sf.o)
 .debug_pubnames
                0x0000004f       0x1f d:/embedded diploma/tools/sdk_win_64/sdk_win_64/winavr/bin/../lib/gcc/avr/4.3.3/avr5\libgcc.a(_mul_sf.o)
 .debug_pubnames
                0x0000006e       0x1e d:/embedded diploma/tools/sdk_win_64/sdk_win_64/winavr/bin/../lib/gcc/avr/4.3.3/avr5\libgcc.a(_gt_sf.o)
 .debug_pubnames
                0x0000008c       0x1e d:/embedded diploma/tools/sdk_win_64/sdk_win_64/winavr/bin/../lib/gcc/avr/4.3.3/avr5\libgcc.a(_ge_sf.o)
 .debug_pubnames
                0x000000aa       0x1e d:/embedded diploma/tools/sdk_win_64/sdk_win_64/winavr/bin/../lib/gcc/avr/4.3.3/avr5\libgcc.a(_lt_sf.o)
 .debug_pubnames
                0x000000c8       0x20 d:/embedded diploma/tools/sdk_win_64/sdk_win_64/winavr/bin/../lib/gcc/avr/4.3.3/avr5\libgcc.a(_sf_to_si.o)
 .debug_pubnames
                0x000000e8       0x22 d:/embedded diploma/tools/sdk_win_64/sdk_win_64/winavr/bin/../lib/gcc/avr/4.3.3/avr5\libgcc.a(_thenan_sf.o)
 .debug_pubnames
                0x0000010a       0x1f d:/embedded diploma/tools/sdk_win_64/sdk_win_64/winavr/bin/../lib/gcc/avr/4.3.3/avr5\libgcc.a(_pack_sf.o)
 .debug_pubnames
                0x00000129       0x21 d:/embedded diploma/tools/sdk_win_64/sdk_win_64/winavr/bin/../lib/gcc/avr/4.3.3/avr5\libgcc.a(_unpack_sf.o)
 .debug_pubnames
                0x0000014a       0x26 d:/embedded diploma/tools/sdk_win_64/sdk_win_64/winavr/bin/../lib/gcc/avr/4.3.3/avr5\libgcc.a(_fpcmp_parts_sf.o)

.debug_info     0x00000000     0x1c49
 *(.debug_info)
 .debug_info    0x00000000       0xb1 d:/embedded diploma/tools/sdk_win_64/sdk_win_64/winavr/bin/../lib/gcc/avr/4.3.3/avr5\libgcc.a(_fixunssfsi.o)
 .debug_info    0x000000b1      0x47a d:/embedded diploma/tools/sdk_win_64/sdk_win_64/winavr/bin/../lib/gcc/avr/4.3.3/avr5\libgcc.a(_addsub_sf.o)
 .debug_info    0x0000052b      0x485 d:/embedded diploma/tools/sdk_win_64/sdk_win_64/winavr/bin/../lib/gcc/avr/4.3.3/avr5\libgcc.a(_mul_sf.o)
 .debug_info    0x000009b0      0x27f d:/embedded diploma/tools/sdk_win_64/sdk_win_64/winavr/bin/../lib/gcc/avr/4.3.3/avr5\libgcc.a(_gt_sf.o)
 .debug_info    0x00000c2f      0x27f d:/embedded diploma/tools/sdk_win_64/sdk_win_64/winavr/bin/../lib/gcc/avr/4.3.3/avr5\libgcc.a(_ge_sf.o)
 .debug_info    0x00000eae      0x27f d:/embedded diploma/tools/sdk_win_64/sdk_win_64/winavr/bin/../lib/gcc/avr/4.3.3/avr5\libgcc.a(_lt_sf.o)
 .debug_info    0x0000112d      0x2b0 d:/embedded diploma/tools/sdk_win_64/sdk_win_64/winavr/bin/../lib/gcc/avr/4.3.3/avr5\libgcc.a(_sf_to_si.o)
 .debug_info    0x000013dd      0x12c d:/embedded diploma/tools/sdk_win_64/sdk_win_64/winavr/bin/../lib/gcc/avr/4.3.3/avr5\libgcc.a(_thenan_sf.o)
 .debug_info    0x00001509      0x2df d:/embedded diploma/tools/sdk_win_64/sdk_win_64/winavr/bin/../lib/gcc/avr/4.3.3/avr5\libgcc.a(_pack_sf.o)
 .debug_info    0x000017e8      0x251 d:/embedded diploma/tools/sdk_win_64/sdk_win_64/winavr/bin/../lib/gcc/avr/4.3.3/avr5\libgcc.a(_unpack_sf.o)
 .debug_info    0x00001a39      0x210 d:/embedded diploma/tools/sdk_win_64/sdk_win_64/winavr/bin/../lib/gcc/avr/4.3.3/avr5\libgcc.a(_fpcmp_parts_sf.o)
 *(.gnu.linkonce.wi.*)

.debug_abbrev   0x00000000      0xeeb
 *(.debug_abbrev)
 .debug_abbrev  0x00000000       0x5d d:/embedded diploma/tools/sdk_win_64/sdk_win_64/winavr/bin/../lib/gcc/avr/4.3.3/avr5\libgcc.a(_fixunssfsi.o)
 .debug_abbrev  0x0000005d      0x1ea d:/embedded diploma/tools/sdk_win_64/sdk_win_64/winavr/bin/../lib/gcc/avr/4.3.3/avr5\libgcc.a(_addsub_sf.o)
 .debug_abbrev  0x00000247      0x21b d:/embedded diploma/tools/sdk_win_64/sdk_win_64/winavr/bin/../lib/gcc/avr/4.3.3/avr5\libgcc.a(_mul_sf.o)
 .debug_abbrev  0x00000462      0x15a d:/embedded diploma/tools/sdk_win_64/sdk_win_64/winavr/bin/../lib/gcc/avr/4.3.3/avr5\libgcc.a(_gt_sf.o)
 .debug_abbrev  0x000005bc      0x15a d:/embedded diploma/tools/sdk_win_64/sdk_win_64/winavr/bin/../lib/gcc/avr/4.3.3/avr5\libgcc.a(_ge_sf.o)
 .debug_abbrev  0x00000716      0x15a d:/embedded diploma/tools/sdk_win_64/sdk_win_64/winavr/bin/../lib/gcc/avr/4.3.3/avr5\libgcc.a(_lt_sf.o)
 .debug_abbrev  0x00000870      0x17f d:/embedded diploma/tools/sdk_win_64/sdk_win_64/winavr/bin/../lib/gcc/avr/4.3.3/avr5\libgcc.a(_sf_to_si.o)
 .debug_abbrev  0x000009ef       0xad d:/embedded diploma/tools/sdk_win_64/sdk_win_64/winavr/bin/../lib/gcc/avr/4.3.3/avr5\libgcc.a(_thenan_sf.o)
 .debug_abbrev  0x00000a9c      0x1c0 d:/embedded diploma/tools/sdk_win_64/sdk_win_64/winavr/bin/../lib/gcc/avr/4.3.3/avr5\libgcc.a(_pack_sf.o)
 .debug_abbrev  0x00000c5c      0x154 d:/embedded diploma/tools/sdk_win_64/sdk_win_64/winavr/bin/../lib/gcc/avr/4.3.3/avr5\libgcc.a(_unpack_sf.o)
 .debug_abbrev  0x00000db0      0x13b d:/embedded diploma/tools/sdk_win_64/sdk_win_64/winavr/bin/../lib/gcc/avr/4.3.3/avr5\libgcc.a(_fpcmp_parts_sf.o)

.debug_line     0x00000000      0xdad
 *(.debug_line)
 .debug_line    0x00000000       0xa7 d:/embedded diploma/tools/sdk_win_64/sdk_win_64/winavr/bin/../lib/gcc/avr/4.3.3/avr5\libgcc.a(_fixunssfsi.o)
 .debug_line    0x000000a7      0x2af d:/embedded diploma/tools/sdk_win_64/sdk_win_64/winavr/bin/../lib/gcc/avr/4.3.3/avr5\libgcc.a(_addsub_sf.o)
 .debug_line    0x00000356      0x239 d:/embedded diploma/tools/sdk_win_64/sdk_win_64/winavr/bin/../lib/gcc/avr/4.3.3/avr5\libgcc.a(_mul_sf.o)
 .debug_line    0x0000058f       0xd3 d:/embedded diploma/tools/sdk_win_64/sdk_win_64/winavr/bin/../lib/gcc/avr/4.3.3/avr5\libgcc.a(_gt_sf.o)
 .debug_line    0x00000662       0xd3 d:/embedded diploma/tools/sdk_win_64/sdk_win_64/winavr/bin/../lib/gcc/avr/4.3.3/avr5\libgcc.a(_ge_sf.o)
 .debug_line    0x00000735       0xd3 d:/embedded diploma/tools/sdk_win_64/sdk_win_64/winavr/bin/../lib/gcc/avr/4.3.3/avr5\libgcc.a(_lt_sf.o)
 .debug_line    0x00000808      0x109 d:/embedded diploma/tools/sdk_win_64/sdk_win_64/winavr/bin/../lib/gcc/avr/4.3.3/avr5\libgcc.a(_sf_to_si.o)
 .debug_line    0x00000911       0x90 d:/embedded diploma/tools/sdk_win_64/sdk_win_64/winavr/bin/../lib/gcc/avr/4.3.3/avr5\libgcc.a(_thenan_sf.o)
 .debug_line    0x000009a1      0x18a d:/embedded diploma/tools/sdk_win_64/sdk_win_64/winavr/bin/../lib/gcc/avr/4.3.3/avr5\libgcc.a(_pack_sf.o)
 .debug_line    0x00000b2b      0x14b d:/embedded diploma/tools/sdk_win_64/sdk_win_64/winavr/bin/../lib/gcc/avr/4.3.3/avr5\libgcc.a(_unpack_sf.o)
 .debug_line    0x00000c76      0x137 d:/embedded diploma/tools/sdk_win_64/sdk_win_64/winavr/bin/../lib/gcc/avr/4.3.3/avr5\libgcc.a(_fpcmp_parts_sf.o)

.debug_frame    0x00000000      0x160
 *(.debug_frame)
 .debug_frame   0x00000000       0x20 d:/embedded diploma/tools/sdk_win_64/sdk_win_64/winavr/bin/../lib/gcc/avr/4.3.3/avr5\libgcc.a(_fixunssfsi.o)
 .debug_frame   0x00000020       0x40 d:/embedded diploma/tools/sdk_win_64/sdk_win_64/winavr/bin/../lib/gcc/avr/4.3.3/avr5\libgcc.a(_addsub_sf.o)
 .debug_frame   0x00000060       0x20 d:/embedded diploma/tools/sdk_win_64/sdk_win_64/winavr/bin/../lib/gcc/avr/4.3.3/avr5\libgcc.a(_mul_sf.o)
 .debug_frame   0x00000080       0x20 d:/embedded diploma/tools/sdk_win_64/sdk_win_64/winavr/bin/../lib/gcc/avr/4.3.3/avr5\libgcc.a(_gt_sf.o)
 .debug_frame   0x000000a0       0x20 d:/embedded diploma/tools/sdk_win_64/sdk_win_64/winavr/bin/../lib/gcc/avr/4.3.3/avr5\libgcc.a(_ge_sf.o)
 .debug_frame   0x000000c0       0x20 d:/embedded diploma/tools/sdk_win_64/sdk_win_64/winavr/bin/../lib/gcc/avr/4.3.3/avr5\libgcc.a(_lt_sf.o)
 .debug_frame   0x000000e0       0x20 d:/embedded diploma/tools/sdk_win_64/sdk_win_64/winavr/bin/../lib/gcc/avr/4.3.3/avr5\libgcc.a(_sf_to_si.o)
 .debug_frame   0x00000100       0x20 d:/embedded diploma/tools/sdk_win_64/sdk_win_64/winavr/bin/../lib/gcc/avr/4.3.3/avr5\libgcc.a(_pack_sf.o)
 .debug_frame   0x00000120       0x20 d:/embedded diploma/tools/sdk_win_64/sdk_win_64/winavr/bin/../lib/gcc/avr/4.3.3/avr5\libgcc.a(_unpack_sf.o)
 .debug_frame   0x00000140       0x20 d:/embedded diploma/tools/sdk_win_64/sdk_win_64/winavr/bin/../lib/gcc/avr/4.3.3/avr5\libgcc.a(_fpcmp_parts_sf.o)

.debug_str      0x00000000      0x28d
 *(.debug_str)
 .debug_str     0x00000000       0xbf d:/embedded diploma/tools/sdk_win_64/sdk_win_64/winavr/bin/../lib/gcc/avr/4.3.3/avr5\libgcc.a(_fixunssfsi.o)
                                 0xfe (size before relaxing)
 .debug_str     0x000000bf      0x14d d:/embedded diploma/tools/sdk_win_64/sdk_win_64/winavr/bin/../lib/gcc/avr/4.3.3/avr5\libgcc.a(_addsub_sf.o)
                                0x206 (size before relaxing)
 .debug_str     0x0000020c       0x27 d:/embedded diploma/tools/sdk_win_64/sdk_win_64/winavr/bin/../lib/gcc/avr/4.3.3/avr5\libgcc.a(_mul_sf.o)
                                0x1bf (size before relaxing)
 .debug_str     0x00000233        0xf d:/embedded diploma/tools/sdk_win_64/sdk_win_64/winavr/bin/../lib/gcc/avr/4.3.3/avr5\libgcc.a(_gt_sf.o)
                                0x195 (size before relaxing)
 .debug_str     0x00000242        0x8 d:/embedded diploma/tools/sdk_win_64/sdk_win_64/winavr/bin/../lib/gcc/avr/4.3.3/avr5\libgcc.a(_ge_sf.o)
                                0x195 (size before relaxing)
 .debug_str     0x0000024a        0x8 d:/embedded diploma/tools/sdk_win_64/sdk_win_64/winavr/bin/../lib/gcc/avr/4.3.3/avr5\libgcc.a(_lt_sf.o)
                                0x195 (size before relaxing)
 .debug_str     0x00000252        0xa d:/embedded diploma/tools/sdk_win_64/sdk_win_64/winavr/bin/../lib/gcc/avr/4.3.3/avr5\libgcc.a(_sf_to_si.o)
                                0x19e (size before relaxing)
 .debug_str     0x00000000      0x103 d:/embedded diploma/tools/sdk_win_64/sdk_win_64/winavr/bin/../lib/gcc/avr/4.3.3/avr5\libgcc.a(_thenan_sf.o)
 .debug_str     0x0000025c       0x16 d:/embedded diploma/tools/sdk_win_64/sdk_win_64/winavr/bin/../lib/gcc/avr/4.3.3/avr5\libgcc.a(_pack_sf.o)
                                0x19d (size before relaxing)
 .debug_str     0x00000272        0xb d:/embedded diploma/tools/sdk_win_64/sdk_win_64/winavr/bin/../lib/gcc/avr/4.3.3/avr5\libgcc.a(_unpack_sf.o)
                                0x17f (size before relaxing)
 .debug_str     0x0000027d       0x10 d:/embedded diploma/tools/sdk_win_64/sdk_win_64/winavr/bin/../lib/gcc/avr/4.3.3/avr5\libgcc.a(_fpcmp_parts_sf.o)
                                0x163 (size before relaxing)

.debug_loc      0x00000000      0x7ce
 *(.debug_loc)
 .debug_loc     0x00000000       0x34 d:/embedded diploma/tools/sdk_win_64/sdk_win_64/winavr/bin/../lib/gcc/avr/4.3.3/avr5\libgcc.a(_fixunssfsi.o)
 .debug_loc     0x00000034      0x32a d:/embedded diploma/tools/sdk_win_64/sdk_win_64/winavr/bin/../lib/gcc/avr/4.3.3/avr5\libgcc.a(_addsub_sf.o)
 .debug_loc     0x0000035e      0x104 d:/embedded diploma/tools/sdk_win_64/sdk_win_64/winavr/bin/../lib/gcc/avr/4.3.3/avr5\libgcc.a(_mul_sf.o)
 .debug_loc     0x00000462       0x3c d:/embedded diploma/tools/sdk_win_64/sdk_win_64/winavr/bin/../lib/gcc/avr/4.3.3/avr5\libgcc.a(_gt_sf.o)
 .debug_loc     0x0000049e       0x3c d:/embedded diploma/tools/sdk_win_64/sdk_win_64/winavr/bin/../lib/gcc/avr/4.3.3/avr5\libgcc.a(_ge_sf.o)
 .debug_loc     0x000004da       0x3c d:/embedded diploma/tools/sdk_win_64/sdk_win_64/winavr/bin/../lib/gcc/avr/4.3.3/avr5\libgcc.a(_lt_sf.o)
 .debug_loc     0x00000516       0x7e d:/embedded diploma/tools/sdk_win_64/sdk_win_64/winavr/bin/../lib/gcc/avr/4.3.3/avr5\libgcc.a(_sf_to_si.o)
 .debug_loc     0x00000594      0x13e d:/embedded diploma/tools/sdk_win_64/sdk_win_64/winavr/bin/../lib/gcc/avr/4.3.3/avr5\libgcc.a(_pack_sf.o)
 .debug_loc     0x000006d2       0xac d:/embedded diploma/tools/sdk_win_64/sdk_win_64/winavr/bin/../lib/gcc/avr/4.3.3/avr5\libgcc.a(_unpack_sf.o)
 .debug_loc     0x0000077e       0x50 d:/embedded diploma/tools/sdk_win_64/sdk_win_64/winavr/bin/../lib/gcc/avr/4.3.3/avr5\libgcc.a(_fpcmp_parts_sf.o)

.debug_macinfo
 *(.debug_macinfo)
OUTPUT(GraduationProject.elf elf32-avr)
LOAD linker stubs

.debug_ranges   0x00000000       0x50
 .debug_ranges  0x00000000       0x50 d:/embedded diploma/tools/sdk_win_64/sdk_win_64/winavr/bin/../lib/gcc/avr/4.3.3/avr5\libgcc.a(_mul_sf.o)
